
> linkedin-tenure-analyzer@1.0.0 test
> vitest run


[7m[1m[36m RUN [39m[22m[27m [36mv1.6.1[39m [90mC:/Users/harol/personal/linkedin-tenure-analyzer[39m

 [32m✓[39m tests/unit/content/analyzer.test.ts [2m ([22m[2m20 tests[22m[2m)[22m[90m 4[2mms[22m[39m
 [32m✓[39m tests/unit/utils/rate-limiter.test.js [2m ([22m[2m4 tests[22m[2m)[22m[90m 3[2mms[22m[39m
 [32m✓[39m tests/unit/utils/rate-limiter.test.ts [2m ([22m[2m4 tests[22m[2m)[22m[90m 3[2mms[22m[39m
 [32m✓[39m tests/unit/analytics/statistics-engine.test.ts [2m ([22m[2m7 tests[22m[2m)[22m[90m 4[2mms[22m[39m
 [32m✓[39m tests/unit/utils/date-parser.test.ts [2m ([22m[2m7 tests[22m[2m)[22m[90m 2[2mms[22m[39m
 [33m❯[39m tests/unit/utils/validators.test.js [2m ([22m[2m15 tests[22m [2m|[22m [31m2 failed[39m[2m)[22m[90m 12[2mms[22m[39m
[31m   [33m❯[31m tests/unit/utils/validators.test.js[2m > [22mValidators[2m > [22mcalculateConfidence[2m > [22mreturns medium confidence for year-only dates[39m
[31m     → expected 'high' to be 'medium' // Object.is equality[39m
[31m   [33m❯[31m tests/unit/utils/validators.test.js[2m > [22mValidators[2m > [22mcalculateConfidence[2m > [22mreturns low confidence for missing end date on past employee[39m
[31m     → expected 'medium' to be 'low' // Object.is equality[39m
 [32m✓[39m tests/unit/utils/date-parser.test.js [2m ([22m[2m7 tests[22m[2m)[22m[90m 3[2mms[22m[39m
 [33m❯[39m tests/unit/analytics/tenure-calculator.test.ts [2m ([22m[2m11 tests[22m [2m|[22m [31m1 failed[39m[2m)[22m[90m 7[2mms[22m[39m
[31m   [33m❯[31m tests/unit/analytics/tenure-calculator.test.ts[2m > [22mTenureCalculator[2m > [22mprocessEmployee[2m > [22massigns correct confidence levels[39m
[31m     → expected 'high' to be 'medium' // Object.is equality[39m
 [33m❯[39m tests/unit/analytics/tenure-calculator.test.js [2m ([22m[2m11 tests[22m [2m|[22m [31m1 failed[39m[2m)[22m[90m 9[2mms[22m[39m
[31m   [33m❯[31m tests/unit/analytics/tenure-calculator.test.js[2m > [22mTenureCalculator[2m > [22mprocessEmployee[2m > [22massigns correct confidence levels[39m
[31m     → expected 'high' to be 'medium' // Object.is equality[39m
 [33m❯[39m tests/unit/utils/validators.test.ts [2m ([22m[2m15 tests[22m [2m|[22m [31m2 failed[39m[2m)[22m[90m 8[2mms[22m[39m
[31m   [33m❯[31m tests/unit/utils/validators.test.ts[2m > [22mValidators[2m > [22mcalculateConfidence[2m > [22mreturns medium confidence for year-only dates[39m
[31m     → expected 'high' to be 'medium' // Object.is equality[39m
[31m   [33m❯[31m tests/unit/utils/validators.test.ts[2m > [22mValidators[2m > [22mcalculateConfidence[2m > [22mreturns low confidence for missing end date on past employee[39m
[31m     → expected 'medium' to be 'low' // Object.is equality[39m
 [32m✓[39m tests/unit/analytics/statistics-engine.test.js [2m ([22m[2m7 tests[22m[2m)[22m[90m 2[2mms[22m[39m

[2m Test Files [22m [1m[31m4 failed[39m[22m[2m | [22m[1m[32m7 passed[39m[22m[90m (11)[39m
[2m      Tests [22m [1m[31m6 failed[39m[22m[2m | [22m[1m[32m102 passed[39m[22m[90m (108)[39m
[2m   Start at [22m 18:35:06
[2m   Duration [22m 964ms[2m (transform 151ms, setup 138ms, collect 355ms, tests 57ms, environment 7.11s, prepare 1.09s)[22m

